B-import completed 0 saved unchanged cleanup True
{"click": "/workspace/site/click/__init__.py", "flit_core": "/workspace/deps/flit_core/__init__.py", "pip_version": "25.0.1", "pytest": "/workspace/deps/pytest/__init__.py", "scratch_present": false, "sys_path": ["/workspace/site", "/workspace/deps", "/usr/local/lib/python312.zip", "/usr/local/lib/python3.12", "/usr/local/lib/python3.12/lib-dynload", "/usr/local/lib/python3.12/site-packages"]}
 
B-regression-1 completed 0 saved unchanged cleanup True
[ 95%]
tests/test_utils.py::test_echo_via_pager[test4-less] PASSED              [ 95%]
tests/test_utils.py::test_echo_via_pager[test4- less] PASSED             [ 95%]
tests/test_utils.py::test_echo_via_pager[test4- less ] PASSED            [ 95%]
tests/test_utils.py::test_echo_via_pager[test5-cat] PASSED               [ 95%]
tests/test_utils.py::test_echo_via_pager[test5-cat ] PASSED              [ 95%]
tests/test_utils.py::test_echo_via_pager[test5- cat ] PASSED             [ 95%]
tests/test_utils.py::test_echo_via_pager[test5-less] PASSED              [ 95%]
tests/test_utils.py::test_echo_via_pager[test5- less] PASSED             [ 95%]
tests/test_utils.py::test_echo_via_pager[test5- less ] PASSED            [ 95%]
tests/test_utils.py::test_echo_via_pager[test6-cat] PASSED               [ 95%]
tests/test_utils.py::test_echo_via_pager[test6-cat ] PASSED              [ 96%]
tests/test_utils.py::test_echo_via_pager[test6- cat ] PASSED             [ 96%]
tests/test_utils.py::test_echo_via_pager[test6-less] PASSED              [ 96%]
tests/test_utils.py::test_echo_via_pager[test6- less] PASSED             [ 96%]
tests/test_utils.py::test_echo_via_pager[test6- less ] PASSED            [ 96%]
tests/test_utils.py::test_echo_via_pager[test7-cat] PASSED               [ 96%]
tests/test_utils.py::test_echo_via_pager[test7-cat ] PASSED              [ 96%]
tests/test_utils.py::test_echo_via_pager[test7- cat ] PASSED             [ 96%]
tests/test_utils.py::test_echo_via_pager[test7-less] PASSED              [ 96%]
tests/test_utils.py::test_echo_via_pager[test7- less] PASSED             [ 96%]
tests/test_utils.py::test_echo_via_pager[test7- less ] PASSED            [ 96%]
tests/test_utils.py::test_echo_via_pager[test8-cat] PASSED               [ 96%]
tests/test_utils.py::test_echo_via_pager[test8-cat ] PASSED              [ 96%]
tests/test_utils.py::test_echo_via_pager[test8- cat ] PASSED             [ 96%]
tests/test_utils.py::test_echo_via_pager[test8-less] PASSED              [ 96%]
tests/test_utils.py::test_echo_via_pager[test8- less] PASSED             [ 97%]
tests/test_utils.py::test_echo_via_pager[test8- less ] PASSED            [ 97%]
tests/test_utils.py::test_echo_via_pager[test9-cat] PASSED               [ 97%]
tests/test_utils.py::test_echo_via_pager[test9-cat ] PASSED              [ 97%]
tests/test_utils.py::test_echo_via_pager[test9- cat ] PASSED             [ 97%]
tests/test_utils.py::test_echo_via_pager[test9-less] PASSED              [ 97%]
tests/test_utils.py::test_echo_via_pager[test9- less] PASSED             [ 97%]
tests/test_utils.py::test_echo_via_pager[test9- less ] PASSED            [ 97%]
tests/test_utils.py::test_echo_color_flag PASSED                         [ 97%]
tests/test_utils.py::test_prompt_cast_default PASSED                     [ 97%]
tests/test_utils.py::test_echo_writing_to_standard_error PASSED          [ 97%]
tests/test_utils.py::test_echo_with_capsys PASSED                        [ 97%]
tests/test_utils.py::test_open_file PASSED                               [ 97%]
tests/test_utils.py::test_open_file_pathlib_dash PASSED                  [ 97%]
tests/test_utils.py::test_open_file_ignore_errors_stdin PASSED           [ 97%]
tests/test_utils.py::test_open_file_respects_ignore PASSED               [ 98%]
tests/test_utils.py::test_open_file_ignore_invalid_utf8 PASSED           [ 98%]
tests/test_utils.py::test_open_file_ignore_no_encoding PASSED            [ 98%]
tests/test_utils.py::test_open_file_atomic_permissions_existing_file[256] PASSED [ 98%]
tests/test_utils.py::test_open_file_atomic_permissions_existing_file[292] PASSED [ 98%]
tests/test_utils.py::test_open_file_atomic_permissions_existing_file[384] PASSED [ 98%]
tests/test_utils.py::test_open_file_atomic_permissions_existing_file[420] PASSED [ 98%]
tests/test_utils.py::test_open_file_atomic_permissions_new_file PASSED   [ 98%]
tests/test_utils.py::test_iter_keepopenfile PASSED                       [ 98%]
tests/test_utils.py::test_iter_lazyfile PASSED                           [ 98%]
tests/test_utils.py::test_detect_program_name[example.py-None-example.py] PASSED [ 98%]
tests/test_utils.py::test_detect_program_name[/foo/bar/example.py-None-example.py] PASSED [ 98%]
tests/test_utils.py::test_detect_program_name[example-None-example] PASSED [ 98%]
tests/test_utils.py::test_detect_program_name[example/__main__.py-example-python -m example] PASSED [ 98%]
tests/test_utils.py::test_detect_program_name[example/cli.py-example-python -m example.cli] PASSED [ 98%]
tests/test_utils.py::test_detect_program_name[example--example] PASSED   [ 99%]
tests/test_utils.py::test_expand_args PASSED                             [ 99%]
tests/test_utils.py::test_make_default_short_help[-empty] PASSED         [ 99%]
tests/test_utils.py::test_make_default_short_help[-equal length, no dot] PASSED [ 99%]
tests/test_utils.py::test_make_default_short_help[-sentence < max] PASSED [ 99%]
tests/test_utils.py::test_make_default_short_help[-paragraph < max] PASSED [ 99%]
tests/test_utils.py::test_make_default_short_help[-truncate] PASSED      [ 99%]
tests/test_utils.py::test_make_default_short_help[-length includes suffix] PASSED [ 99%]
tests/test_utils.py::test_make_default_short_help[-ignore dot in word] PASSED [ 99%]
tests/test_utils.py::test_make_default_short_help[no-wrap mark-empty] PASSED [ 99%]
tests/test_utils.py::test_make_default_short_help[no-wrap mark-equal length, no dot] PASSED [ 99%]
tests/test_utils.py::test_make_default_short_help[no-wrap mark-sentence < max] PASSED [ 99%]
tests/test_utils.py::test_make_default_short_help[no-wrap mark-paragraph < max] PASSED [ 99%]
tests/test_utils.py::test_make_default_short_help[no-wrap mark-truncate] PASSED [ 99%]
tests/test_utils.py::test_make_default_short_help[no-wrap mark-length includes suffix] PASSED [ 99%]
tests/test_utils.py::test_make_default_short_help[no-wrap mark-ignore dot in word] PASSED [100%]

======== 1489 passed, 23 skipped, 30000 deselected, 1 xfailed in 4.11s =========
 
H-import-1 completed 0 saved unchanged cleanup True
{"click": "/workspace/site/click/__init__.py", "flit_core": "/workspace/deps/flit_core/__init__.py", "pip_version": "25.0.1", "pytest": "/workspace/deps/pytest/__init__.py", "scratch_present": false, "sys_path": ["/workspace/site", "/workspace/deps", "/usr/local/lib/python312.zip", "/usr/local/lib/python3.12", "/usr/local/lib/python3.12/lib-dynload", "/usr/local/lib/python3.12/site-packages"]}
 
H-import-2 completed 0 saved unchanged cleanup True
{"click": "/workspace/site/click/__init__.py", "flit_core": "/workspace/deps/flit_core/__init__.py", "pip_version": "25.0.1", "pytest": "/workspace/deps/pytest/__init__.py", "scratch_present": false, "sys_path": ["/workspace/site", "/workspace/deps", "/usr/local/lib/python312.zip", "/usr/local/lib/python3.12", "/usr/local/lib/python3.12/lib-dynload", "/usr/local/lib/python3.12/site-packages"]}
 
H-import-3 completed 0 saved unchanged cleanup True
{"click": "/workspace/site/click/__init__.py", "flit_core": "/workspace/deps/flit_core/__init__.py", "pip_version": "25.0.1", "pytest": "/workspace/deps/pytest/__init__.py", "scratch_present": false, "sys_path": ["/workspace/site", "/workspace/deps", "/usr/local/lib/python312.zip", "/usr/local/lib/python3.12", "/usr/local/lib/python3.12/lib-dynload", "/usr/local/lib/python3.12/site-packages"]}
 
B-regression-2 completed 0 saved unchanged cleanup True
[ 95%]
tests/test_utils.py::test_echo_via_pager[test4-less] PASSED              [ 95%]
tests/test_utils.py::test_echo_via_pager[test4- less] PASSED             [ 95%]
tests/test_utils.py::test_echo_via_pager[test4- less ] PASSED            [ 95%]
tests/test_utils.py::test_echo_via_pager[test5-cat] PASSED               [ 95%]
tests/test_utils.py::test_echo_via_pager[test5-cat ] PASSED              [ 95%]
tests/test_utils.py::test_echo_via_pager[test5- cat ] PASSED             [ 95%]
tests/test_utils.py::test_echo_via_pager[test5-less] PASSED              [ 95%]
tests/test_utils.py::test_echo_via_pager[test5- less] PASSED             [ 95%]
tests/test_utils.py::test_echo_via_pager[test5- less ] PASSED            [ 95%]
tests/test_utils.py::test_echo_via_pager[test6-cat] PASSED               [ 95%]
tests/test_utils.py::test_echo_via_pager[test6-cat ] PASSED              [ 96%]
tests/test_utils.py::test_echo_via_pager[test6- cat ] PASSED             [ 96%]
tests/test_utils.py::test_echo_via_pager[test6-less] PASSED              [ 96%]
tests/test_utils.py::test_echo_via_pager[test6- less] PASSED             [ 96%]
tests/test_utils.py::test_echo_via_pager[test6- less ] PASSED            [ 96%]
tests/test_utils.py::test_echo_via_pager[test7-cat] PASSED               [ 96%]
tests/test_utils.py::test_echo_via_pager[test7-cat ] PASSED              [ 96%]
tests/test_utils.py::test_echo_via_pager[test7- cat ] PASSED             [ 96%]
tests/test_utils.py::test_echo_via_pager[test7-less] PASSED              [ 96%]
tests/test_utils.py::test_echo_via_pager[test7- less] PASSED             [ 96%]
tests/test_utils.py::test_echo_via_pager[test7- less ] PASSED            [ 96%]
tests/test_utils.py::test_echo_via_pager[test8-cat] PASSED               [ 96%]
tests/test_utils.py::test_echo_via_pager[test8-cat ] PASSED              [ 96%]
tests/test_utils.py::test_echo_via_pager[test8- cat ] PASSED             [ 96%]
tests/test_utils.py::test_echo_via_pager[test8-less] PASSED              [ 96%]
tests/test_utils.py::test_echo_via_pager[test8- less] PASSED             [ 97%]
tests/test_utils.py::test_echo_via_pager[test8- less ] PASSED            [ 97%]
tests/test_utils.py::test_echo_via_pager[test9-cat] PASSED               [ 97%]
tests/test_utils.py::test_echo_via_pager[test9-cat ] PASSED              [ 97%]
tests/test_utils.py::test_echo_via_pager[test9- cat ] PASSED             [ 97%]
tests/test_utils.py::test_echo_via_pager[test9-less] PASSED              [ 97%]
tests/test_utils.py::test_echo_via_pager[test9- less] PASSED             [ 97%]
tests/test_utils.py::test_echo_via_pager[test9- less ] PASSED            [ 97%]
tests/test_utils.py::test_echo_color_flag PASSED                         [ 97%]
tests/test_utils.py::test_prompt_cast_default PASSED                     [ 97%]
tests/test_utils.py::test_echo_writing_to_standard_error PASSED          [ 97%]
tests/test_utils.py::test_echo_with_capsys PASSED                        [ 97%]
tests/test_utils.py::test_open_file PASSED                               [ 97%]
tests/test_utils.py::test_open_file_pathlib_dash PASSED                  [ 97%]
tests/test_utils.py::test_open_file_ignore_errors_stdin PASSED           [ 97%]
tests/test_utils.py::test_open_file_respects_ignore PASSED               [ 98%]
tests/test_utils.py::test_open_file_ignore_invalid_utf8 PASSED           [ 98%]
tests/test_utils.py::test_open_file_ignore_no_encoding PASSED            [ 98%]
tests/test_utils.py::test_open_file_atomic_permissions_existing_file[256] PASSED [ 98%]
tests/test_utils.py::test_open_file_atomic_permissions_existing_file[292] PASSED [ 98%]
tests/test_utils.py::test_open_file_atomic_permissions_existing_file[384] PASSED [ 98%]
tests/test_utils.py::test_open_file_atomic_permissions_existing_file[420] PASSED [ 98%]
tests/test_utils.py::test_open_file_atomic_permissions_new_file PASSED   [ 98%]
tests/test_utils.py::test_iter_keepopenfile PASSED                       [ 98%]
tests/test_utils.py::test_iter_lazyfile PASSED                           [ 98%]
tests/test_utils.py::test_detect_program_name[example.py-None-example.py] PASSED [ 98%]
tests/test_utils.py::test_detect_program_name[/foo/bar/example.py-None-example.py] PASSED [ 98%]
tests/test_utils.py::test_detect_program_name[example-None-example] PASSED [ 98%]
tests/test_utils.py::test_detect_program_name[example/__main__.py-example-python -m example] PASSED [ 98%]
tests/test_utils.py::test_detect_program_name[example/cli.py-example-python -m example.cli] PASSED [ 98%]
tests/test_utils.py::test_detect_program_name[example--example] PASSED   [ 99%]
tests/test_utils.py::test_expand_args PASSED                             [ 99%]
tests/test_utils.py::test_make_default_short_help[-empty] PASSED         [ 99%]
tests/test_utils.py::test_make_default_short_help[-equal length, no dot] PASSED [ 99%]
tests/test_utils.py::test_make_default_short_help[-sentence < max] PASSED [ 99%]
tests/test_utils.py::test_make_default_short_help[-paragraph < max] PASSED [ 99%]
tests/test_utils.py::test_make_default_short_help[-truncate] PASSED      [ 99%]
tests/test_utils.py::test_make_default_short_help[-length includes suffix] PASSED [ 99%]
tests/test_utils.py::test_make_default_short_help[-ignore dot in word] PASSED [ 99%]
tests/test_utils.py::test_make_default_short_help[no-wrap mark-empty] PASSED [ 99%]
tests/test_utils.py::test_make_default_short_help[no-wrap mark-equal length, no dot] PASSED [ 99%]
tests/test_utils.py::test_make_default_short_help[no-wrap mark-sentence < max] PASSED [ 99%]
tests/test_utils.py::test_make_default_short_help[no-wrap mark-paragraph < max] PASSED [ 99%]
tests/test_utils.py::test_make_default_short_help[no-wrap mark-truncate] PASSED [ 99%]
tests/test_utils.py::test_make_default_short_help[no-wrap mark-length includes suffix] PASSED [ 99%]
tests/test_utils.py::test_make_default_short_help[no-wrap mark-ignore dot in word] PASSED [100%]

======== 1489 passed, 23 skipped, 30000 deselected, 1 xfailed in 4.11s =========
 
B-regression-3 completed 0 saved unchanged cleanup True
[ 95%]
tests/test_utils.py::test_echo_via_pager[test4-less] PASSED              [ 95%]
tests/test_utils.py::test_echo_via_pager[test4- less] PASSED             [ 95%]
tests/test_utils.py::test_echo_via_pager[test4- less ] PASSED            [ 95%]
tests/test_utils.py::test_echo_via_pager[test5-cat] PASSED               [ 95%]
tests/test_utils.py::test_echo_via_pager[test5-cat ] PASSED              [ 95%]
tests/test_utils.py::test_echo_via_pager[test5- cat ] PASSED             [ 95%]
tests/test_utils.py::test_echo_via_pager[test5-less] PASSED              [ 95%]
tests/test_utils.py::test_echo_via_pager[test5- less] PASSED             [ 95%]
tests/test_utils.py::test_echo_via_pager[test5- less ] PASSED            [ 95%]
tests/test_utils.py::test_echo_via_pager[test6-cat] PASSED               [ 95%]
tests/test_utils.py::test_echo_via_pager[test6-cat ] PASSED              [ 96%]
tests/test_utils.py::test_echo_via_pager[test6- cat ] PASSED             [ 96%]
tests/test_utils.py::test_echo_via_pager[test6-less] PASSED              [ 96%]
tests/test_utils.py::test_echo_via_pager[test6- less] PASSED             [ 96%]
tests/test_utils.py::test_echo_via_pager[test6- less ] PASSED            [ 96%]
tests/test_utils.py::test_echo_via_pager[test7-cat] PASSED               [ 96%]
tests/test_utils.py::test_echo_via_pager[test7-cat ] PASSED              [ 96%]
tests/test_utils.py::test_echo_via_pager[test7- cat ] PASSED             [ 96%]
tests/test_utils.py::test_echo_via_pager[test7-less] PASSED              [ 96%]
tests/test_utils.py::test_echo_via_pager[test7- less] PASSED             [ 96%]
tests/test_utils.py::test_echo_via_pager[test7- less ] PASSED            [ 96%]
tests/test_utils.py::test_echo_via_pager[test8-cat] PASSED               [ 96%]
tests/test_utils.py::test_echo_via_pager[test8-cat ] PASSED              [ 96%]
tests/test_utils.py::test_echo_via_pager[test8- cat ] PASSED             [ 96%]
tests/test_utils.py::test_echo_via_pager[test8-less] PASSED              [ 96%]
tests/test_utils.py::test_echo_via_pager[test8- less] PASSED             [ 97%]
tests/test_utils.py::test_echo_via_pager[test8- less ] PASSED            [ 97%]
tests/test_utils.py::test_echo_via_pager[test9-cat] PASSED               [ 97%]
tests/test_utils.py::test_echo_via_pager[test9-cat ] PASSED              [ 97%]
tests/test_utils.py::test_echo_via_pager[test9- cat ] PASSED             [ 97%]
tests/test_utils.py::test_echo_via_pager[test9-less] PASSED              [ 97%]
tests/test_utils.py::test_echo_via_pager[test9- less] PASSED             [ 97%]
tests/test_utils.py::test_echo_via_pager[test9- less ] PASSED            [ 97%]
tests/test_utils.py::test_echo_color_flag PASSED                         [ 97%]
tests/test_utils.py::test_prompt_cast_default PASSED                     [ 97%]
tests/test_utils.py::test_echo_writing_to_standard_error PASSED          [ 97%]
tests/test_utils.py::test_echo_with_capsys PASSED                        [ 97%]
tests/test_utils.py::test_open_file PASSED                               [ 97%]
tests/test_utils.py::test_open_file_pathlib_dash PASSED                  [ 97%]
tests/test_utils.py::test_open_file_ignore_errors_stdin PASSED           [ 97%]
tests/test_utils.py::test_open_file_respects_ignore PASSED               [ 98%]
tests/test_utils.py::test_open_file_ignore_invalid_utf8 PASSED           [ 98%]
tests/test_utils.py::test_open_file_ignore_no_encoding PASSED            [ 98%]
tests/test_utils.py::test_open_file_atomic_permissions_existing_file[256] PASSED [ 98%]
tests/test_utils.py::test_open_file_atomic_permissions_existing_file[292] PASSED [ 98%]
tests/test_utils.py::test_open_file_atomic_permissions_existing_file[384] PASSED [ 98%]
tests/test_utils.py::test_open_file_atomic_permissions_existing_file[420] PASSED [ 98%]
tests/test_utils.py::test_open_file_atomic_permissions_new_file PASSED   [ 98%]
tests/test_utils.py::test_iter_keepopenfile PASSED                       [ 98%]
tests/test_utils.py::test_iter_lazyfile PASSED                           [ 98%]
tests/test_utils.py::test_detect_program_name[example.py-None-example.py] PASSED [ 98%]
tests/test_utils.py::test_detect_program_name[/foo/bar/example.py-None-example.py] PASSED [ 98%]
tests/test_utils.py::test_detect_program_name[example-None-example] PASSED [ 98%]
tests/test_utils.py::test_detect_program_name[example/__main__.py-example-python -m example] PASSED [ 98%]
tests/test_utils.py::test_detect_program_name[example/cli.py-example-python -m example.cli] PASSED [ 98%]
tests/test_utils.py::test_detect_program_name[example--example] PASSED   [ 99%]
tests/test_utils.py::test_expand_args PASSED                             [ 99%]
tests/test_utils.py::test_make_default_short_help[-empty] PASSED         [ 99%]
tests/test_utils.py::test_make_default_short_help[-equal length, no dot] PASSED [ 99%]
tests/test_utils.py::test_make_default_short_help[-sentence < max] PASSED [ 99%]
tests/test_utils.py::test_make_default_short_help[-paragraph < max] PASSED [ 99%]
tests/test_utils.py::test_make_default_short_help[-truncate] PASSED      [ 99%]
tests/test_utils.py::test_make_default_short_help[-length includes suffix] PASSED [ 99%]
tests/test_utils.py::test_make_default_short_help[-ignore dot in word] PASSED [ 99%]
tests/test_utils.py::test_make_default_short_help[no-wrap mark-empty] PASSED [ 99%]
tests/test_utils.py::test_make_default_short_help[no-wrap mark-equal length, no dot] PASSED [ 99%]
tests/test_utils.py::test_make_default_short_help[no-wrap mark-sentence < max] PASSED [ 99%]
tests/test_utils.py::test_make_default_short_help[no-wrap mark-paragraph < max] PASSED [ 99%]
tests/test_utils.py::test_make_default_short_help[no-wrap mark-truncate] PASSED [ 99%]
tests/test_utils.py::test_make_default_short_help[no-wrap mark-length includes suffix] PASSED [ 99%]
tests/test_utils.py::test_make_default_short_help[no-wrap mark-ignore dot in word] PASSED [100%]

======== 1489 passed, 23 skipped, 30000 deselected, 1 xfailed in 4.59s =========
 
save-0 completed 0 saved saved cleanup True
 
timeout-0 timeout -9 saved last_confirmed cleanup True
 
reset-0 completed 0 saved unchanged cleanup True
{"click": "/workspace/site/click/__init__.py", "flit_core": "/workspace/deps/flit_core/__init__.py", "pip_version": "25.0.1", "pytest": "/workspace/deps/pytest/__init__.py", "scratch_present": false, "sys_path": ["/workspace/site", "/workspace/deps", "/usr/local/lib/python312.zip", "/usr/local/lib/python3.12", "/usr/local/lib/python3.12/lib-dynload", "/usr/local/lib/python3.12/site-packages"]}
 
save-1 completed 0 saved saved cleanup True
 
timeout-1 timeout -9 saved last_confirmed cleanup True
 
reset-1 completed 0 saved unchanged cleanup True
{"click": "/workspace/site/click/__init__.py", "flit_core": "/workspace/deps/flit_core/__init__.py", "pip_version": "25.0.1", "pytest": "/workspace/deps/pytest/__init__.py", "scratch_present": false, "sys_path": ["/workspace/site", "/workspace/deps", "/usr/local/lib/python312.zip", "/usr/local/lib/python3.12", "/usr/local/lib/python3.12/lib-dynload", "/usr/local/lib/python3.12/site-packages"]}
 
save-2 completed 0 saved saved cleanup True
 
timeout-2 timeout -9 saved last_confirmed cleanup True
 
reset-2 completed 0 saved unchanged cleanup True
{"click": "/workspace/site/click/__init__.py", "flit_core": "/workspace/deps/flit_core/__init__.py", "pip_version": "25.0.1", "pytest": "/workspace/deps/pytest/__init__.py", "scratch_present": false, "sys_path": ["/workspace/site", "/workspace/deps", "/usr/local/lib/python312.zip", "/usr/local/lib/python3.12", "/usr/local/lib/python3.12/lib-dynload", "/usr/local/lib/python3.12/site-packages"]}
 
