#0 building with "desktop-linux" instance using docker driver

#1 [internal] load build definition from Dockerfile
#1 transferring dockerfile: 326B done
#1 DONE 0.0s

#2 [internal] load metadata for docker.io/library/python@sha256:eb5be8e5b4d0a159c237946bbdd06356dda5d19c30fc4f7843e8046d3a590333
#2 DONE 0.0s

#3 [internal] load .dockerignore
#3 transferring context: 108B done
#3 DONE 0.0s

#4 [internal] load build context
#4 transferring context: 219.78kB done
#4 DONE 0.0s

#5 [1/3] FROM docker.io/library/python@sha256:eb5be8e5b4d0a159c237946bbdd06356dda5d19c30fc4f7843e8046d3a590333
#5 resolve docker.io/library/python@sha256:eb5be8e5b4d0a159c237946bbdd06356dda5d19c30fc4f7843e8046d3a590333 done
#5 DONE 0.0s

#6 [2/3] COPY --chmod=0755 less /usr/bin/less
#6 DONE 0.0s

#7 [3/3] COPY --chmod=0644 copyright /usr/share/doc/feature-rl-less/copyright
#7 DONE 0.0s

#8 exporting to image
#8 exporting layers 0.0s done
#8 exporting manifest sha256:b28d3b1eeaa6251e82354fa61dc28a29afead9e2d7179436e77ca8ba612032fa
#8 exporting manifest sha256:b28d3b1eeaa6251e82354fa61dc28a29afead9e2d7179436e77ca8ba612032fa done
#8 exporting config sha256:59cff2cafc7819fee5cdef4ab8f76fa5ec574d16d78a2661953dfd1498aaf185 done
#8 naming to docker.io/library/feature-rl-m3-less:590-2.1-deb12u2 done
#8 unpacking to docker.io/library/feature-rl-m3-less:590-2.1-deb12u2 0.0s done
#8 DONE 0.1s
