EEEEF                                                                    [100%]
==================================== ERRORS ====================================
__________ ERROR at setup of test_actual_denials_are_machine_checked ___________

tmp_path = PosixPath('/private/var/folders/9z/37tfwz3j0v9dlsykj19f5c600000gn/T/pytest-of-mukeshreddypochamreddy/pytest-1114/test_actual_denials_are_machin0')

    @pytest.fixture
    def engine(tmp_path):
>       from feature_rl.environments import DockerEngine,SandboxPolicy
E       ImportError: cannot import name 'DockerEngine' from 'feature_rl.environments' (/Users/mukeshreddypochamreddy/Desktop/project x/src/feature_rl/environments/__init__.py)

tests/test_environments_docker.py:8: ImportError
_ ERROR at setup of test_stalled_stdin_and_closed_output_do_not_escape_deadline _

tmp_path = PosixPath('/private/var/folders/9z/37tfwz3j0v9dlsykj19f5c600000gn/T/pytest-of-mukeshreddypochamreddy/pytest-1114/test_stalled_stdin_and_closed_0')

    @pytest.fixture
    def engine(tmp_path):
>       from feature_rl.environments import DockerEngine,SandboxPolicy
E       ImportError: cannot import name 'DockerEngine' from 'feature_rl.environments' (/Users/mukeshreddypochamreddy/Desktop/project x/src/feature_rl/environments/__init__.py)

tests/test_environments_docker.py:8: ImportError
_ ERROR at setup of test_export_freezes_descendants_and_preserves_tmpfs_source _

tmp_path = PosixPath('/private/var/folders/9z/37tfwz3j0v9dlsykj19f5c600000gn/T/pytest-of-mukeshreddypochamreddy/pytest-1114/test_export_freezes_descendant0')

    @pytest.fixture
    def engine(tmp_path):
>       from feature_rl.environments import DockerEngine,SandboxPolicy
E       ImportError: cannot import name 'DockerEngine' from 'feature_rl.environments' (/Users/mukeshreddypochamreddy/Desktop/project x/src/feature_rl/environments/__init__.py)

tests/test_environments_docker.py:8: ImportError
_ ERROR at setup of test_output_overflow_kills_container_not_only_attach_client _

tmp_path = PosixPath('/private/var/folders/9z/37tfwz3j0v9dlsykj19f5c600000gn/T/pytest-of-mukeshreddypochamreddy/pytest-1114/test_output_overflow_kills_con0')

    @pytest.fixture
    def engine(tmp_path):
>       from feature_rl.environments import DockerEngine,SandboxPolicy
E       ImportError: cannot import name 'DockerEngine' from 'feature_rl.environments' (/Users/mukeshreddypochamreddy/Desktop/project x/src/feature_rl/environments/__init__.py)

tests/test_environments_docker.py:8: ImportError
=================================== FAILURES ===================================
_________________ test_missing_daemon_is_not_verified_absence __________________

tmp_path = PosixPath('/private/var/folders/9z/37tfwz3j0v9dlsykj19f5c600000gn/T/pytest-of-mukeshreddypochamreddy/pytest-1114/test_missing_daemon_is_not_ver0')

    def test_missing_daemon_is_not_verified_absence(tmp_path):
>       from feature_rl.environments import DockerEngine,SandboxPolicy,DockerUnavailable
E       ImportError: cannot import name 'DockerEngine' from 'feature_rl.environments' (/Users/mukeshreddypochamreddy/Desktop/project x/src/feature_rl/environments/__init__.py)

tests/test_environments_docker.py:51: ImportError
=========================== short test summary info ============================
ERROR tests/test_environments_docker.py::test_actual_denials_are_machine_checked
ERROR tests/test_environments_docker.py::test_stalled_stdin_and_closed_output_do_not_escape_deadline
ERROR tests/test_environments_docker.py::test_export_freezes_descendants_and_preserves_tmpfs_source
ERROR tests/test_environments_docker.py::test_output_overflow_kills_container_not_only_attach_client
FAILED tests/test_environments_docker.py::test_missing_daemon_is_not_verified_absence
1 failed, 4 errors in 0.09s
