Using Python 3.13.7 environment at: .venv-training-cpu
Resolved 19 packages in 10ms
Prepared 19 packages in 1.83s
Installed 19 packages in 195ms
 + annotated-types==0.8.0
 + filelock==4.0.1
 + fsspec==2026.9.0
 + iniconfig==2.3.0
 + jinja2==3.1.6
 + markupsafe==3.0.3
 + mpmath==1.3.0
 + networkx==3.6.1
 + packaging==26.3
 + pluggy==1.6.0
 + pydantic==2.13.5
 + pydantic-core==2.46.5
 + pygments==2.21.0
 + pytest==9.1.1
 + setuptools==80.10.2
 + sympy==1.14.0
 + torch==2.11.0
 + typing-extensions==4.16.0
 + typing-inspection==0.4.4
