typing-extensions 4.16.0 verified (existing exact authoring wheel cache)
filelock 4.0.1 verified (existing exact authoring wheel cache)
jinja2 3.1.6 verified (existing exact authoring wheel cache)
markupsafe 3.0.3 verified (existing exact authoring wheel cache)
fsspec 2026.9.0 verified (existing exact authoring wheel cache)
networkx 3.6.1 verified (download)
mpmath 1.3.0 verified (download)
sympy 1.14.0 verified (download)
annotated-types 0.8.0 verified (download)
packaging 26.3 verified (existing exact authoring wheel cache)
pluggy 1.6.0 verified (download)
pydantic 2.13.5 verified (download)
pydantic-core 2.46.5 verified (download)
pygments 2.21.0 verified (existing exact authoring wheel cache)
pytest 9.1.1 verified (download)
typing-inspection 0.4.4 verified (download)
torch 2.11.0 verified (download)
iniconfig 2.3.0 verified (download)
Traceback (most recent call last):
  File "/Users/mukeshreddypochamreddy/Desktop/project x/docs/evidence/integration/cpu-environment/setup.py", line 74, in <module>
    acquisitions=list(pool.map(acquire,selected.values()))
  File "/opt/homebrew/Cellar/python@3.13/3.13.7/Frameworks/Python.framework/Versions/3.13/lib/python3.13/concurrent/futures/_base.py", line 619, in result_iterator
    yield _result_or_cancel(fs.pop())
          ~~~~~~~~~~~~~~~~~^^^^^^^^^^
  File "/opt/homebrew/Cellar/python@3.13/3.13.7/Frameworks/Python.framework/Versions/3.13/lib/python3.13/concurrent/futures/_base.py", line 317, in _result_or_cancel
    return fut.result(timeout)
           ~~~~~~~~~~^^^^^^^^^
  File "/opt/homebrew/Cellar/python@3.13/3.13.7/Frameworks/Python.framework/Versions/3.13/lib/python3.13/concurrent/futures/_base.py", line 449, in result
    return self.__get_result()
           ~~~~~~~~~~~~~~~~~^^
  File "/opt/homebrew/Cellar/python@3.13/3.13.7/Frameworks/Python.framework/Versions/3.13/lib/python3.13/concurrent/futures/_base.py", line 401, in __get_result
    raise self._exception
  File "/opt/homebrew/Cellar/python@3.13/3.13.7/Frameworks/Python.framework/Versions/3.13/lib/python3.13/concurrent/futures/thread.py", line 59, in run
    result = self.fn(*self.args, **self.kwargs)
  File "/Users/mukeshreddypochamreddy/Desktop/project x/docs/evidence/integration/cpu-environment/setup.py", line 66, in acquire
    if len(names)!=1: raise RuntimeError('Ambiguous wheel metadata')
                      ^^^^^^^^^^^^^^^^^^^^^^^^^^^^^^^^^^^^^^^^^^^^^^
RuntimeError: Ambiguous wheel metadata
