Traceback (most recent call last):
  File "/Users/mukeshreddypochamreddy/Desktop/project x/tests/run_m5_fixture_readback.py", line 62, in <module>
    if __name__=='__main__':main()
                            ~~~~^^
  File "/Users/mukeshreddypochamreddy/Desktop/project x/tests/run_m5_fixture_readback.py", line 24, in main
    context=receipt['context'];checked=load_verifier(store,c.ArtifactRef.model_validate(context['task']))
                                                           ~~~~~~~~~~~~~~~~~~~~~~~~~~~~^^^^^^^^^^^^^^^^^
  File "/Users/mukeshreddypochamreddy/Desktop/project x/.venv/lib/python3.13/site-packages/pydantic/main.py", line 732, in model_validate
    return cls.__pydantic_validator__.validate_python(
           ~~~~~~~~~~~~~~~~~~~~~~~~~~~~~~~~~~~~~~~~~~^
        obj,
        ^^^^
    ...<5 lines>...
        by_name=by_name,
        ^^^^^^^^^^^^^^^^
    )
    ^
pydantic_core._pydantic_core.ValidationError: 1 validation error for ArtifactRef
visibility
  Input should be an instance of Visibility [type=is_instance_of, input_value='private', input_type=str]
    For further information visit https://errors.pydantic.dev/2.13/v/is_instance_of
