F                                                                        [100%]
=================================== FAILURES ===================================
_______ test_verified_history_uses_actual_registry_candidate_trace_jobs ________

tmp_path = PosixPath('/private/var/folders/9z/37tfwz3j0v9dlsykj19f5c600000gn/T/pytest-of-mukeshreddypochamreddy/pytest-1208/test_verified_history_uses_act0')

    def test_verified_history_uses_actual_registry_candidate_trace_jobs(tmp_path):
        from feature_rl.qualification import QualificationService, QualificationPolicy, RepairHistory
        from feature_rl.qualification.evidence import put_record
        from feature_rl.registry import JobSpec
        from feature_rl.verifiers import load_verifier
        q=service(tmp_path);task_ref=task_fixture(q.store);checked=load_verifier(q.store,task_ref)
        pair=q.store.get_artifact(checked.task.source_pair)
        history=RepairHistory(candidate=pair.candidate,complete=True,initial_evidence=pair.verification,
            attempts=(),journal_refs=(pair.verification[0].artifacts[0],))
        history_ref=put_record(q.store,history,'m5-repair-history')
        q.registry.register(history_ref,dependencies=(pair.candidate,*history.journal_refs))
        config=put_record(q.store,{'diagnostic_only':True},'unit-diagnostic')
        job=q.registry.enqueue(JobSpec(operation='construct',inputs=(pair.candidate,),configuration=config,
            implementation='d'*40,invocation='synthetic-history-only',attempt_limit=1))
        claim=q.registry.claim(job.job_id,owner='synthetic-diagnostic',claim_key='synthetic-history')
        result=c.OperationResult(operation='construct',disposition=c.Disposition.SUCCESS,artifacts=(history_ref,),
            evidence=pair.verification,costs=checked.task.costs,reason='Synthetic history fixture, not real construction')
        q._complete(claim,result)
        policy=QualificationPolicy(repair_history=history_ref,repair_history_job=job.job_id,factory_revision='d'*40)
        bound=QualificationService(store=q.store,registry=q.registry,grader=q.grader,builder=None,revision='c'*40,policy=policy)
>       assert bound._history(checked)==(0,None)
               ^^^^^^^^^^^^^^^^^^^^^^^

tests/test_qualification_service.py:61: 
_ _ _ _ _ _ _ _ _ _ _ _ _ _ _ _ _ _ _ _ _ _ _ _ _ _ _ _ _ _ _ _ _ _ _ _ _ _ _ _ 
src/feature_rl/qualification/service.py:89: in _history
    if job.state!='completed' or job.result is None or policy.repair_history not in job.result.artifacts or job.spec.implementation!=policy.factory_revision or policy.repair_history_job not in self.registry.trace(pair.candidate).job_ids:
                                                                                                                                                                                                 ^^^^^^^^^^^^^^^^^^^^^^^^^^^^^^^^^^^^^^^^^^^
_ _ _ _ _ _ _ _ _ _ _ _ _ _ _ _ _ _ _ _ _ _ _ _ _ _ _ _ _ _ _ _ _ _ _ _ _ _ _ _ 

self = TraceReport(artifacts=(ArtifactRef(sha256='12e9c92c960e28d43315fa5c94b7f9aaf5758160bea0b6431871863b2460f58c', kind='m5...on')), jobs=('25ab6c5e9a77384ed3bddcbd140d35cbb6a28890d9beca585afef15aac79cb7d',), runs=(), checkpoints=(), notices=())
item = 'job_ids'

    def __getattr__(self, item: str) -> Any:
        private_attributes = object.__getattribute__(self, '__private_attributes__')
        if item in private_attributes:
            attribute = private_attributes[item]
            if hasattr(attribute, '__get__'):
                return attribute.__get__(self, type(self))  # type: ignore
    
            try:
                # Note: self.__pydantic_private__ cannot be None if self.__private_attributes__ has items
                return self.__pydantic_private__[item]  # type: ignore
            except KeyError as exc:
                raise AttributeError(f'{type(self).__name__!r} object has no attribute {item!r}') from exc
        else:
            # `__pydantic_extra__` can fail to be set if the model is not yet fully initialized.
            # See `BaseModel.__repr_args__` for more details
            try:
                pydantic_extra = object.__getattribute__(self, '__pydantic_extra__')
            except AttributeError:
                pydantic_extra = None
    
            if pydantic_extra and item in pydantic_extra:
                return pydantic_extra[item]
            else:
                if hasattr(self.__class__, item):
                    return super().__getattribute__(item)  # Raises AttributeError if appropriate
                else:
                    # this is the current error
>                   raise AttributeError(f'{type(self).__name__!r} object has no attribute {item!r}')
E                   AttributeError: 'TraceReport' object has no attribute 'job_ids'

.venv/lib/python3.13/site-packages/pydantic/main.py:1042: AttributeError
=========================== short test summary info ============================
FAILED tests/test_qualification_service.py::test_verified_history_uses_actual_registry_candidate_trace_jobs
1 failed in 0.42s
