FF                                                                       [100%]
=================================== FAILURES ===================================
_ test_terminal_admission_rejects_new_pending_cleanup_and_allows_recovered_retry[close] _

runtime_fixture = (<feature_rl.environments.runtime.EnvironmentRuntime object at 0x10afa6a50>, PreparedEnvironment(recipe=ArtifactRef(sh...8205acac', kind='sandbox-policy', schema_version=1, visibility=<Visibility.AUTHORING: 'authoring'>, encoding='bytes')))
monkeypatch = <_pytest.monkeypatch.MonkeyPatch object at 0x10a553950>
transition = 'close'

    @pytest.mark.parametrize('transition', ['close', 'reset'])
    def test_terminal_admission_rejects_new_pending_cleanup_and_allows_recovered_retry(runtime_fixture, monkeypatch, transition):
        from contextlib import contextmanager
        import threading,time
        from feature_rl.environments import CommandSpec,ExecutionRequest,CleanupUnverified
        from feature_rl.environments.docker import DockerSession
        runtime,prepared=runtime_fixture;engine=runtime.engine;handle=runtime.open_workspace(prepared)
        initial=runtime.workspace(handle)[3]
        paused=threading.Event();release=threading.Event();outcome={};original_lock=engine.state.lock
        @contextmanager
        def scheduled_lock():
            if threading.current_thread().name=='terminal-cleanup':
                outcome['lock_calls']=outcome.get('lock_calls',0)+1
                if outcome['lock_calls']==2:
                    paused.set();assert release.wait(10), 'bounded interleaving expired'
            with original_lock():yield
        def terminal():
            try:outcome['saved']=getattr(runtime,transition)(handle)
            except BaseException as exc:outcome['error']=exc
        original_cleanup=DockerSession.cleanup;original_base=engine.base
        def unavailable_cleanup(session):
            session.engine.base=[*original_base[:3],'--host','unix:///tmp/feature-rl-definitely-missing.sock']
            try:return original_cleanup(session)
            finally:session.engine.base=original_base
        with monkeypatch.context() as patch:
            patch.setattr(engine.state,'lock',scheduled_lock)
            thread=threading.Thread(target=terminal,name='terminal-cleanup');thread.start()
            try:
                assert paused.wait(3)
                with monkeypatch.context() as fault:
                    fault.setattr(DockerSession,'cleanup',unavailable_cleanup)
                    result=runtime.execute_development(handle,ExecutionRequest(command=CommandSpec(
                        argv=('python','-c',"import pathlib;pathlib.Path('/workspace/source/src/click/__init__.py').write_text('x=42\\n')"),
                        working_directory='/workspace',timeout_seconds=2.0)))
                assert result.failure_category=='infrastructure' and not result.cleanup_verified and result.save_status=='saved'
                pending=engine.state.read('operation-'+result.operation_id+'.json')
                assert pending['phase']=='cleanup_pending'
                status,body=engine.http('GET','/containers/'+pending['container_id']+'/json',deadline=time.monotonic()+2,cap=1024*1024)
                assert status==200 and json.loads(body)['State']['Running']
                before=engine.state.read('workspace-'+handle.workspace_id+'.json')
                release.set();thread.join(3)
                assert not thread.is_alive()
                after=engine.state.read('workspace-'+handle.workspace_id+'.json')
                status,body=engine.http('GET','/containers/'+pending['container_id']+'/json',deadline=time.monotonic()+2,cap=1024*1024)
                assert status==200 and json.loads(body)['State']['Running']
            finally:
                release.set();thread.join(3)
                recovery=runtime.recover_owned()
>       assert isinstance(outcome.get('error'),CleanupUnverified) and 'saved' not in outcome
E       AssertionError: assert (False)
E        +  where False = isinstance(None, <class 'feature_rl.environments.models.CleanupUnverified'>)
E        +    where None = <built-in method get of dict object at 0x10a66a8c0>('error')
E        +      where <built-in method get of dict object at 0x10a66a8c0> = {'lock_calls': 2, 'saved': SavedSource(artifact=ArtifactRef(sha256='12047b2f849c48beb035d93d21c882d39c623deb977f7fab4d...dd7ca1666f882716d83d10f1bcc9fcee87cc14cc68148c11386d72caa54d', version=1, saved_at='2026-09-19T20:09:03.848985+00:00')}.get

tests/test_environments_docker.py:354: AssertionError
_ test_terminal_admission_rejects_new_pending_cleanup_and_allows_recovered_retry[reset] _

runtime_fixture = (<feature_rl.environments.runtime.EnvironmentRuntime object at 0x10b048910>, PreparedEnvironment(recipe=ArtifactRef(sh...8205acac', kind='sandbox-policy', schema_version=1, visibility=<Visibility.AUTHORING: 'authoring'>, encoding='bytes')))
monkeypatch = <_pytest.monkeypatch.MonkeyPatch object at 0x10b0047c0>
transition = 'reset'

    @pytest.mark.parametrize('transition', ['close', 'reset'])
    def test_terminal_admission_rejects_new_pending_cleanup_and_allows_recovered_retry(runtime_fixture, monkeypatch, transition):
        from contextlib import contextmanager
        import threading,time
        from feature_rl.environments import CommandSpec,ExecutionRequest,CleanupUnverified
        from feature_rl.environments.docker import DockerSession
        runtime,prepared=runtime_fixture;engine=runtime.engine;handle=runtime.open_workspace(prepared)
        initial=runtime.workspace(handle)[3]
        paused=threading.Event();release=threading.Event();outcome={};original_lock=engine.state.lock
        @contextmanager
        def scheduled_lock():
            if threading.current_thread().name=='terminal-cleanup':
                outcome['lock_calls']=outcome.get('lock_calls',0)+1
                if outcome['lock_calls']==2:
                    paused.set();assert release.wait(10), 'bounded interleaving expired'
            with original_lock():yield
        def terminal():
            try:outcome['saved']=getattr(runtime,transition)(handle)
            except BaseException as exc:outcome['error']=exc
        original_cleanup=DockerSession.cleanup;original_base=engine.base
        def unavailable_cleanup(session):
            session.engine.base=[*original_base[:3],'--host','unix:///tmp/feature-rl-definitely-missing.sock']
            try:return original_cleanup(session)
            finally:session.engine.base=original_base
        with monkeypatch.context() as patch:
            patch.setattr(engine.state,'lock',scheduled_lock)
            thread=threading.Thread(target=terminal,name='terminal-cleanup');thread.start()
            try:
                assert paused.wait(3)
                with monkeypatch.context() as fault:
                    fault.setattr(DockerSession,'cleanup',unavailable_cleanup)
                    result=runtime.execute_development(handle,ExecutionRequest(command=CommandSpec(
                        argv=('python','-c',"import pathlib;pathlib.Path('/workspace/source/src/click/__init__.py').write_text('x=42\\n')"),
                        working_directory='/workspace',timeout_seconds=2.0)))
                assert result.failure_category=='infrastructure' and not result.cleanup_verified and result.save_status=='saved'
                pending=engine.state.read('operation-'+result.operation_id+'.json')
                assert pending['phase']=='cleanup_pending'
                status,body=engine.http('GET','/containers/'+pending['container_id']+'/json',deadline=time.monotonic()+2,cap=1024*1024)
                assert status==200 and json.loads(body)['State']['Running']
                before=engine.state.read('workspace-'+handle.workspace_id+'.json')
                release.set();thread.join(3)
                assert not thread.is_alive()
                after=engine.state.read('workspace-'+handle.workspace_id+'.json')
                status,body=engine.http('GET','/containers/'+pending['container_id']+'/json',deadline=time.monotonic()+2,cap=1024*1024)
                assert status==200 and json.loads(body)['State']['Running']
            finally:
                release.set();thread.join(3)
                recovery=runtime.recover_owned()
>       assert isinstance(outcome.get('error'),CleanupUnverified) and 'saved' not in outcome
E       AssertionError: assert (False)
E        +  where False = isinstance(None, <class 'feature_rl.environments.models.CleanupUnverified'>)
E        +    where None = <built-in method get of dict object at 0x10b0bf2c0>('error')
E        +      where <built-in method get of dict object at 0x10b0bf2c0> = {'lock_calls': 2, 'saved': SavedSource(artifact=ArtifactRef(sha256='0268837862eab8bbd900e4ed8efd730ce961e58e00e4f1b576...74f2d4fc11a6c62e7ea86cff12861cfa05bef6fc17e024e63c1336056492', version=0, saved_at='2026-09-19T20:09:05.588794+00:00')}.get

tests/test_environments_docker.py:354: AssertionError
=========================== short test summary info ============================
FAILED tests/test_environments_docker.py::test_terminal_admission_rejects_new_pending_cleanup_and_allows_recovered_retry[close]
FAILED tests/test_environments_docker.py::test_terminal_admission_rejects_new_pending_cleanup_and_allows_recovered_retry[reset]
2 failed, 24 deselected in 9.49s
